// Jest Snapshot v1, https://goo.gl/fbAQLP

exports[`TextInputAutocomplete matches snapshot 1`] = `
<TextInputAutocomplete
  maximumOptions={10}
  onChange={[Function]}
  optionsFilter={[Function]}
  suggestions={
    Array [
      "aaa",
      "aaabbb",
      "aaabbbccc",
    ]
  }
  value=""
>
  <Manager>
    <div
      className="container_e296pg"
    >
      <DeprecatedPopperTarget>
        <Reference>
          <InnerReference
            setReferenceNode={[Function]}
          >
            <div>
              <TextInput
                disabled={false}
                isInvalid={false}
                isPrefilled={false}
                maxLength={255}
                onBlur={[Function]}
                onChange={[Function]}
                onFocus={[Function]}
                onKeyDown={[Function]}
                onMouseDown={[Function]}
                placeholder=""
                readOnly={false}
                size="m"
                textAlign="left"
                type="text"
                value=""
              >
                <div
                  className="wrapper_oxngbz"
                >
                  <input
                    className="baseNoPadding_656545"
                    disabled={false}
                    maxLength={255}
                    onBlur={[Function]}
                    onChange={[Function]}
                    onFocus={[Function]}
                    onKeyDown={[Function]}
                    onMouseDown={[Function]}
                    placeholder=""
                    readOnly={false}
                    style={
                      Object {
                        "paddingLeft": 10,
                        "paddingRight": 10,
                        "textAlign": "left",
                      }
                    }
                    type="text"
                    value=""
                  />
                </div>
              </TextInput>
            </div>
          </InnerReference>
        </Reference>
      </DeprecatedPopperTarget>
      <DeprecatedPopper
        className="dropdownContainer_nd6ewy"
      >
        <Popper>
          <InnerPopper
            eventsEnabled={true}
            placement="bottom"
            positionFixed={false}
            referenceElement={
              <div>
                <div
                  class="wrapper_oxngbz"
                >
                  <input
                    class="baseNoPadding_656545"
                    maxlength="255"
                    placeholder=""
                    style="text-align: left; padding-left: 10px; padding-right: 10px;"
                    type="text"
                    value=""
                  />
                </div>
              </div>
            }
          >
            <PopperContent
              className="dropdownContainer_nd6ewy"
              popperProps={
                Object {
                  "ref": [Function],
                  "style": Object {
                    "left": 0,
                    "opacity": 0,
                    "pointerEvents": "none",
                    "position": "absolute",
                    "top": 0,
                  },
                }
              }
              scheduleUpdate={[Function]}
            >
              <div
                className="dropdownContainer_nd6ewy"
                style={
                  Object {
                    "left": 0,
                    "opacity": 0,
                    "pointerEvents": "none",
                    "position": "absolute",
                    "top": 0,
                  }
                }
              >
                <DropdownList
                  highlightedOption={null}
                  isOpen={false}
                  onClick={[Function]}
                  options={
                    Array [
                      Object {
                        "label": "aaa",
                      },
                      Object {
                        "label": "aaabbb",
                      },
                      Object {
                        "label": "aaabbbccc",
                      },
                    ]
                  }
                >
                  <div
                    className="dropdown_7in7v0-o_O-hidden_1u9fru1"
                  >
                    <div
                      style={
                        Object {
                          "maxHeight": "400px",
                          "overflowY": "auto",
                        }
                      }
                    >
                      <ul
                        className="list_1qm1tjd"
                        role="listbox"
                      >
                        <DropdownOption
                          isHighlighted={false}
                          key="aaa"
                          label="aaa"
                          onClick={[Function]}
                        >
                          <li
                            className="dropdownItem_daehjz"
                            key="aaa"
                            onMouseDown={[Function]}
                          >
                            <div
                              className="dropdownItemText_axuk8q"
                            >
                              aaa
                            </div>
                          </li>
                        </DropdownOption>
                        <DropdownOption
                          isHighlighted={false}
                          key="aaabbb"
                          label="aaabbb"
                          onClick={[Function]}
                        >
                          <li
                            className="dropdownItem_daehjz"
                            key="aaabbb"
                            onMouseDown={[Function]}
                          >
                            <div
                              className="dropdownItemText_axuk8q"
                            >
                              aaabbb
                            </div>
                          </li>
                        </DropdownOption>
                        <DropdownOption
                          isHighlighted={false}
                          key="aaabbbccc"
                          label="aaabbbccc"
                          onClick={[Function]}
                        >
                          <li
                            className="dropdownItem_daehjz"
                            key="aaabbbccc"
                            onMouseDown={[Function]}
                          >
                            <div
                              className="dropdownItemText_axuk8q"
                            >
                              aaabbbccc
                            </div>
                          </li>
                        </DropdownOption>
                      </ul>
                    </div>
                  </div>
                </DropdownList>
              </div>
            </PopperContent>
          </InnerPopper>
        </Popper>
      </DeprecatedPopper>
    </div>
  </Manager>
</TextInputAutocomplete>
`;
